         ps       /top_tb/u_top_wrapper/top_i/RS_Enc_0/RS_Out    
          delta                                                  
          0  +0                                             x 
        490  +0                                             0 
    2887120  +0                                           184 
    3887120  +0                                            64 
    4887120  +0                                            17 
    5887120  +0                                            16 
    6887120  +0                                             0 
    7887120  +0                                            66 
    8887120  +0                                           240 
    9887120  +0                                            36 
   10887120  +0                                             1 
   11887120  +0                                             0 
   12887120  +0                                           192 
   13887120  +0                                             1 
   15887120  +0                                           255 
   16887120  +0                                             0 
   17887120  +0                                           254 
   18887120  +0                                             0 
   19887120  +0                                             1 
   20887120  +0                                           252 
   21887120  +0                                           128 
   22887120  +0                                            20 
   23887120  +0                                            73 
   24887120  +0                                            18 
   25887120  +0                                             1 
   26887120  +0                                             6 
   27887120  +0                                            70 
   29887120  +0                                           108 
   30887120  +0                                           113 
   31887120  +0                                           101 
   32887120  +0                                           102 
   33887120  +0                                             9 
   34887120  +0                                            83 
   35887120  +0                                           101 
   36887120  +0                                           114 
   37887120  +0                                           119 
   38887120  +0                                           104 
   39887120  +0                                            99 
   40887120  +0                                           101 
   41887120  +0                                            48 
   42887120  +0                                            49 
   43887120  +0                                           118 
   44887120  +0                                           124 
   45887120  +0                                            66 
   46887120  +0                                           203 
   47887120  +0                                           254 
   48887120  +0                                           255 
   51887120  +0                                           254 
   52887120  +0                                           255 
   53887120  +0                                           254 
   54887120  +0                                           255 
   57887120  +0                                           254 
   60887120  +0                                           255 
   62887120  +0                                           254 
   63887120  +0                                           255 
   65887120  +0                                           254 
   69887120  +0                                           255 
   71887120  +0                                           254 
   72887120  +0                                           255 
   74887120  +0                                           254 
   75887120  +0                                           255 
   76887120  +0                                           254 
   78887120  +0                                           255 
   79887120  +0                                           254 
   80887120  +0                                           255 
   83887120  +0                                           254 
   84887120  +0                                           255 
   85887120  +0                                           254 
   87887120  +0                                           255 
   88887120  +0                                           254 
   91887120  +0                                           255 
   92887120  +0                                           254 
   95887120  +0                                           255 
   97887120  +0                                           254 
  100887120  +0                                           255 
  101887120  +0                                           254 
  103887120  +0                                           255 
  105887120  +0                                           254 
  107887120  +0                                           255 
  109887120  +0                                           254 
  110887120  +0                                           255 
  111887120  +0                                           254 
  112887120  +0                                           255 
  114887120  +0                                           254 
  116887120  +0                                           255 
  117887120  +0                                           254 
  118887120  +0                                           255 
  119887120  +0                                           254 
  120887120  +0                                           255 
  121887120  +0                                           254 
  122887120  +0                                           255 
  123887120  +0                                           254 
  127887120  +0                                           255 
  128887120  +0                                           254 
  129887120  +0                                           255 
  130887120  +0                                           254 
  138887120  +0                                           255 
  141887120  +0                                           254 
  145887120  +0                                           255 
  152887120  +0                                           254 
  153887120  +0                                           255 
  155887120  +0                                           254 
  156887120  +0                                           255 
  159887120  +0                                           254 
  160887120  +0                                           255 
  166887120  +0                                           254 
  168887120  +0                                           255 
  169887120  +0                                           254 
  171887120  +0                                           255 
  173887120  +0                                           254 
  175887120  +0                                           255 
  180887120  +0                                           254 
  181887120  +0                                           255 
  182887120  +0                                           254 
  184887120  +0                                           255 
  185887120  +0                                           254 
  186887120  +0                                           255 
  187887120  +0                                           254 
  188887120  +0                                           255 
  189887120  +0                                           254 
  190887120  +0                                           218 
  191887120  +0                                            77 
  192887120  +0                                           211 
  193887120  +0                                           227 
  194887120  +0                                            10 
  195887120  +0                                            37 
  196887120  +0                                            59 
  197887120  +0                                           168 
  198887120  +0                                           255 
  199887120  +0                                            89 
  200887120  +0                                           102 
  201887120  +0                                           210 
  202887120  +0                                           140 
  203887120  +0                                           146 
  204887120  +0                                           165 
  205887120  +0                                            30 
  206887120  +0                                            71 
  207887120  +0                                            64 
  208887120  +0                                             1 
  209887120  +0                                            16 
  210887120  +0                                             0 
  211887120  +0                                             1 
  212887120  +0                                           177 
  213887120  +0                                            13 
  214887120  +0                                             0 
  215887120  +0                                             1 
  216887120  +0                                           193 
  217887120  +0                                             0 
  219887120  +0                                             1 
  221887120  +0                                           240 
  222887120  +0                                             1 
  223887120  +0                                            43 
  224887120  +0                                           177 
  225887120  +0                                             5 
  226887120  +0                                           178 
  227887120  +0                                           254 
  228887120  +0                                           255 
  233887120  +0                                           254 
  235887120  +0                                           255 
  236887120  +0                                           254 
  237887120  +0                                           255 
  238887120  +0                                           254 
  243887120  +0                                           255 
  247887120  +0                                           254 
  248887120  +0                                           255 
  249887120  +0                                           254 
  253887120  +0                                           255 
  257887120  +0                                           254 
  258887120  +0                                           255 
  261887120  +0                                           254 
  264887120  +0                                           255 
  267887120  +0                                           254 
  268887120  +0                                           255 
  271887120  +0                                           254 
  273887120  +0                                           255 
  275887120  +0                                           254 
  276887120  +0                                           255 
  278887120  +0                                           254 
  279887120  +0                                           255 
  281887120  +0                                           254 
  283887120  +0                                           255 
  285887120  +0                                           254 
  286887120  +0                                           255 
  287887120  +0                                           254 
  288887120  +0                                           255 
  289887120  +0                                           254 
  291887120  +0                                           255 
  292887120  +0                                           254 
  294887120  +0                                           255 
  295887120  +0                                           254 
  296887120  +0                                           255 
  297887120  +0                                           254 
  298887120  +0                                           255 
  299887120  +0                                           254 
  304887120  +0                                           255 
  305887120  +0                                           254 
  307887120  +0                                           255 
  308887120  +0                                           254 
  314887120  +0                                           255 
  318887120  +0                                           254 
  320887120  +0                                           255 
  321887120  +0                                           254 
  323887120  +0                                           255 
  328887120  +0                                           254 
  329887120  +0                                           255 
  332887120  +0                                           254 
  333887120  +0                                           255 
  334887120  +0                                           254 
  336887120  +0                                           255 
  337887120  +0                                           254 
  338887120  +0                                           255 
  342887120  +0                                           254 
  344887120  +0                                           255 
  346887120  +0                                           254 
  349887120  +0                                           255 
  350887120  +0                                           254 
  353887120  +0                                           255 
  356887120  +0                                           254 
  357887120  +0                                           255 
  358887120  +0                                           254 
  359887120  +0                                           255 
  360887120  +0                                           254 
  361887120  +0                                           255 
  363887120  +0                                           254 
  365887120  +0                                           255 
  367887120  +0                                           254 
  368887120  +0                                           255 
  370887120  +0                                           254 
  376887120  +0                                           255 
  377887120  +0                                           254 
  378887120  +0                                           255 
  379887120  +0                                           254 
  380887120  +0                                           255 
  381887120  +0                                           254 
  383887120  +0                                           255 
  384887120  +0                                           254 
  385887120  +0                                           255 
  390887120  +0                                           254 
  394887120  +0                                           253 
  395887120  +0                                            41 
  396887120  +0                                           100 
  397887120  +0                                           114 
  398887120  +0                                           157 
  399887120  +0                                             0 
  400887120  +0                                             9 
  401887120  +0                                           147 
  402887120  +0                                           187 
  403887120  +0                                           179 
  404887120  +0                                            51 
  405887120  +0                                           202 
  406887120  +0                                           143 
  407887120  +0                                           165 
  408887120  +0                                           194 
  409887120  +0                                           148 
  410887120  +0                                            70 
  411887120  +0                                            81 
  412887120  +0                                             0 
  413887120  +0                                            16 
  414887120  +0                                             1 
  415887120  +0                                             2 
  416887120  +0                                           176 
  417887120  +0                                            29 
  418887120  +0                                             1 
  419887120  +0                                             0 
  420887120  +0                                           193 
  421887120  +0                                             0 
  423887120  +0                                           225 
  424887120  +0                                             1 
  425887120  +0                                           240 
  426887120  +0                                             1 
  427887120  +0                                            27 
  428887120  +0                                           224 
  429887120  +0                                             1 
  430887120  +0                                           240 
  431887120  +0                                             0 
  432887120  +0                                           128 
  433887120  +0                                           225 
  434887120  +0                                             0 
  435887120  +0                                           240 
  436887120  +0                                             6 
  437887120  +0                                            10 
  438887120  +0                                             5 
  439887120  +0                                           100 
  440887120  +0                                           111 
  441887120  +0                                           102 
  442887120  +0                                             1 
  443887120  +0                                            65 
  444887120  +0                                            50 
  445887120  +0                                           175 
  446887120  +0                                           250 
  447887120  +0                                           254 
  450887120  +0                                           255 
  452887120  +0                                           254 
  453887120  +0                                           255 
  457887120  +0                                           254 
  461887120  +0                                           255 
  464887120  +0                                           254 
  465887120  +0                                           255 
  466887120  +0                                           254 
  468887120  +0                                           255 
  471887120  +0                                           254 
  472887120  +0                                           255 
  475887120  +0                                           254 
  476887120  +0                                           255 
  478887120  +0                                           254 
  481887120  +0                                           255 
  482887120  +0                                           254 
  483887120  +0                                           255 
  485887120  +0                                           254 
  487887120  +0                                           255 
  489887120  +0                                           254 
  491887120  +0                                           255 
  492887120  +0                                           254 
  493887120  +0                                           255 
  495887120  +0                                           254 
  498887120  +0                                           255 
  499887120  +0                                           254 
